
> rest-express@1.0.0 build:client
> vite build

[36mvite v6.3.5 [32mbuilding for production...[36m[39m
transforming...
node.exe : Browserslist: browsers data (caniuse-lite) is 7 months old. Please run:
At C:\Program Files\nodejs\npm.ps1:29 char:3
+   & $NODE_EXE $NPM_CLI_JS $args
+   ~~~~~~~~~~~~~~~~~~~~~~~~~~~~~
    + CategoryInfo          : NotSpecified: (Browserslist: b...ld. Please run::String) [], RemoteException
    + FullyQualifiedErrorId : NativeCommandError
 
  npx update-browserslist-db@latest
  Why you should do it regularly: https://github.com/browserslist/update-db#readme
[32mÔ£ô[39m 10 modules transformed.
[31mÔ£ù[39m Build failed in 29.51s
[31merror during build:
[31m[vite:esbuild] Transform failed with 1 error:
L:/PAGINA WEB/APP CUESTIONARIOS/app cuestionarios GITHUB 
DIRECTAMENTE/cuestionarios/client/src/pages/dashboard.tsx:404:13: ERROR: Expected identifier but found "("[31m
file: [36mL:/PAGINA WEB/APP CUESTIONARIOS/app cuestionarios GITHUB 
DIRECTAMENTE/cuestionarios/client/src/pages/dashboard.tsx:404:13[31m
[33m
[33mExpected identifier but found "("[33m
402|    size = "sm"
403|    className = "text-yellow-700 hover:text-yellow-800 hover:bg-yellow-100"
404|    onClick = {() => setShowPendingDialog(true)
   |               ^
405|  }
406|                >
[31m
    at failureErrorWithLog (L:\PAGINA WEB\APP CUESTIONARIOS\app cuestionarios GITHUB 
DIRECTAMENTE\cuestionarios\node_modules\esbuild\lib\main.js:1463:15)
    at L:\PAGINA WEB\APP CUESTIONARIOS\app cuestionarios GITHUB 
DIRECTAMENTE\cuestionarios\node_modules\esbuild\lib\main.js:734:50
    at responseCallbacks.<computed> (L:\PAGINA WEB\APP CUESTIONARIOS\app cuestionarios GITHUB 
DIRECTAMENTE\cuestionarios\node_modules\esbuild\lib\main.js:601:9)
    at handleIncomingPacket (L:\PAGINA WEB\APP CUESTIONARIOS\app cuestionarios GITHUB 
DIRECTAMENTE\cuestionarios\node_modules\esbuild\lib\main.js:656:12)
    at Socket.readFromStdout (L:\PAGINA WEB\APP CUESTIONARIOS\app cuestionarios GITHUB 
DIRECTAMENTE\cuestionarios\node_modules\esbuild\lib\main.js:579:7)
    at Socket.emit (node:events:518:28)
    at addChunk (node:internal/streams/readable:561:12)
    at readableAddChunkPushByteMode (node:internal/streams/readable:512:3)
    at Readable.push (node:internal/streams/readable:392:5)
    at Pipe.onStreamRead (node:internal/stream_base_commons:189:23)[39m
