client/src/components/dashboard/quiz-category-card.tsx(106,11): error TS2322: Type '{ value: number; className: string; indicatorClassName: string; }' is not assignable to type 'IntrinsicAttributes & Omit<ProgressProps & RefAttributes<HTMLDivElement>, "ref"> & RefAttributes<HTMLDivElement>'.
  Property 'indicatorClassName' does not exist on type 'IntrinsicAttributes & Omit<ProgressProps & RefAttributes<HTMLDivElement>, "ref"> & RefAttributes<HTMLDivElement>'.
client/src/pages/active-quiz.tsx(148,42): error TS18047: 'progress.timeSpent' is possibly 'null'.
client/src/pages/active-quiz.tsx(154,13): error TS18047: 'progress.completedQuestions' is possibly 'null'.
client/src/pages/active-quiz.tsx(155,35): error TS2345: Argument of type 'number | null' is not assignable to parameter of type 'SetStateAction<number>'.
  Type 'null' is not assignable to type 'SetStateAction<number>'.
client/src/pages/active-quiz.tsx(217,11): error TS2739: Type '{ progressId: number; questionId: number; answerId: number; isCorrect: boolean; variables: unknown; timeSpent: number; }' is missing the following properties from type '{ id: number; progressId: number; questionId: number; isCorrect: boolean | null; answerId: number | null; variables: unknown; timeSpent: number | null; hintsUsed: number; }': id, hintsUsed
client/src/pages/active-quiz.tsx(255,40): error TS2345: Argument of type 'number | null' is not assignable to parameter of type 'number'.
  Type 'null' is not assignable to type 'number'.
client/src/pages/active-quiz.tsx(291,7): error TS2353: Object literal may only specify known properties, and 'textAnswer' does not exist in type '{ id: number; progressId: number; questionId: number; isCorrect: boolean | null; answerId: number | null; variables: unknown; timeSpent: number | null; hintsUsed: number; }'.
client/src/pages/active-quiz.tsx(432,16): error TS2322: Type '() => string' is not assignable to type 'ReactNode'.
client/src/pages/active-quiz.tsx(448,29): error TS2367: This comparison appears to be unintentional because the types 'number' and 'string' have no overlap.
client/src/pages/active-quiz.tsx(449,16): error TS2367: This comparison appears to be unintentional because the types 'number' and 'string' have no overlap.
client/src/pages/active-quiz.tsx(450,17): error TS2367: This comparison appears to be unintentional because the types 'number' and 'string' have no overlap.
client/src/pages/profile.tsx(44,18): error TS2322: Type '{ size: number; }' is not assignable to type 'IntrinsicAttributes & SpinnerProps'.
  Property 'size' does not exist on type 'IntrinsicAttributes & SpinnerProps'.
client/src/pages/training2/[categoryId]/[subcategoryId].tsx(233,21): error TS2322: Type '{ value: number; className: string; indicatorClassName: string; }' is not assignable to type 'IntrinsicAttributes & Omit<ProgressProps & RefAttributes<HTMLDivElement>, "ref"> & RefAttributes<HTMLDivElement>'.
  Property 'indicatorClassName' does not exist on type 'IntrinsicAttributes & Omit<ProgressProps & RefAttributes<HTMLDivElement>, "ref"> & RefAttributes<HTMLDivElement>'.
client/src/utils/publicQuiz.ts(2,45): error TS2339: Property '__isPublicQuiz' does not exist on type 'Window & typeof globalThis'.
